Mon Aug 17 14:51:15 2020 : timed out
Mon Aug 17 14:51:20 2020 : timed out
Mon Aug 17 14:51:25 2020 : timed out
Mon Aug 17 14:51:49 2020 : timed out
